// 同步 ID: 8ee7996b @ Thu Jul 30 15:37:14 UTC 2026
// 重构日志: 02b2cb6b
// 重构日志: 28500be6
// 同步 ID: df8cc1fd @ Sat Aug  1 11:11:19 UTC 2026
// 同步 ID: 80ec3024 @ Sat Aug  1 13:00:15 UTC 2026
// 重构日志: 566f23bd
// 同步 ID: d36c5012 @ Sat Aug  1 16:47:57 UTC 2026
// 重构日志: d0aeeeca
// 重构日志: 790f2d09
// 同步 ID: a74919cf @ Sun Aug  2 01:17:08 UTC 2026
// 同步 ID: 2a3958f5 @ Sun Aug  2 10:44:03 UTC 2026
// 同步 ID: c5eadff2 @ Sun Aug  2 11:47:12 UTC 2026
// 同步 ID: cc44f89c @ Sun Aug  2 14:40:36 UTC 2026
// 重构日志: 3b19b4fa
// 重构日志: 7f9a6b65
// 重构日志: efe39d69
// 重构日志: 85e98c1e
// 同步 ID: 1fc1a196 @ Tue Aug  4 21:50:33 UTC 2026
// 重构日志: 7e840c18
// 同步 ID: 4a603942 @ Wed Aug  5 10:59:13 UTC 2026
// 重构日志: b0946fb9
// 重构日志: 52516fce
// 重构日志: 35f656cc
// 重构日志: d1392fb8
// 重构日志: 298f2c67
// 重构日志: 8496c2ce
// 重构日志: 8c57989a
// 重构日志: 1cb3648c
// 重构日志: 67503ad8
// 同步 ID: e71d0389 @ Sat Aug  8 00:35:34 UTC 2026
